Archive member included to satisfy reference by file (symbol)

/Users/phoenix/esp/ESP8266_RTOS_SDK/examples/get-started/project_template/build/bootloader/main/libmain.a(bootloader_start.o)
                              (call_start_cpu)
/Users/phoenix/esp/ESP8266_RTOS_SDK/examples/get-started/project_template/build/bootloader/bootloader_support/libbootloader_support.a(bootloader_init.o)
                              /Users/phoenix/esp/ESP8266_RTOS_SDK/examples/get-started/project_template/build/bootloader/main/libmain.a(bootloader_start.o) (bootloader_init)
/Users/phoenix/esp/ESP8266_RTOS_SDK/examples/get-started/project_template/build/bootloader/bootloader_support/libbootloader_support.a(bootloader_utility.o)
                              /Users/phoenix/esp/ESP8266_RTOS_SDK/examples/get-started/project_template/build/bootloader/main/libmain.a(bootloader_start.o) (bootloader_utility_load_partition_table)
/Users/phoenix/esp/ESP8266_RTOS_SDK/examples/get-started/project_template/build/bootloader/bootloader_support/libbootloader_support.a(esp_image_format.o)
                              /Users/phoenix/esp/ESP8266_RTOS_SDK/examples/get-started/project_template/build/bootloader/bootloader_support/libbootloader_support.a(bootloader_utility.o) (esp_image_load)
/Users/phoenix/esp/ESP8266_RTOS_SDK/examples/get-started/project_template/build/bootloader/bootloader_support/libbootloader_support.a(flash_partitions.o)
                              /Users/phoenix/esp/ESP8266_RTOS_SDK/examples/get-started/project_template/build/bootloader/bootloader_support/libbootloader_support.a(bootloader_utility.o) (esp_partition_table_basic_verify)
/Users/phoenix/esp/ESP8266_RTOS_SDK/examples/get-started/project_template/build/bootloader/bootloader_support/libbootloader_support.a(bootloader_common.o)
                              /Users/phoenix/esp/ESP8266_RTOS_SDK/examples/get-started/project_template/build/bootloader/bootloader_support/libbootloader_support.a(bootloader_utility.o) (bootloader_common_ota_select_valid)
/Users/phoenix/esp/ESP8266_RTOS_SDK/examples/get-started/project_template/build/bootloader/bootloader_support/libbootloader_support.a(bootloader_flash.o)
                              /Users/phoenix/esp/ESP8266_RTOS_SDK/examples/get-started/project_template/build/bootloader/bootloader_support/libbootloader_support.a(bootloader_utility.o) (bootloader_mmap)
/Users/phoenix/esp/ESP8266_RTOS_SDK/examples/get-started/project_template/build/bootloader/spi_flash/libspi_flash.a(spi_flash.o)
                              /Users/phoenix/esp/ESP8266_RTOS_SDK/examples/get-started/project_template/build/bootloader/bootloader_support/libbootloader_support.a(flash_partitions.o) (g_rom_flashchip)
/Users/phoenix/esp/ESP8266_RTOS_SDK/examples/get-started/project_template/build/bootloader/spi_flash/libspi_flash.a(spi_flash_raw.o)
                              /Users/phoenix/esp/ESP8266_RTOS_SDK/examples/get-started/project_template/build/bootloader/spi_flash/libspi_flash.a(spi_flash.o) (spi_flash_get_id_raw)
/Users/phoenix/esp/ESP8266_RTOS_SDK/examples/get-started/project_template/build/bootloader/log/liblog.a(log.o)
                              /Users/phoenix/esp/ESP8266_RTOS_SDK/examples/get-started/project_template/build/bootloader/bootloader_support/libbootloader_support.a(bootloader_common.o) (esp_log_early_timestamp)
/Users/phoenix/esp/ESP8266_RTOS_SDK/examples/get-started/project_template/build/bootloader/esp8266/libesp8266.a(ets_printf.o)
                              /Users/phoenix/esp/ESP8266_RTOS_SDK/examples/get-started/project_template/build/bootloader/log/liblog.a(log.o) (ets_vprintf)
/Users/phoenix/esp/ESP8266_RTOS_SDK/examples/get-started/project_template/build/bootloader/util/libutil.a(crc.o)
                              /Users/phoenix/esp/ESP8266_RTOS_SDK/examples/get-started/project_template/build/bootloader/bootloader_support/libbootloader_support.a(bootloader_common.o) (crc32_le)
/Users/phoenix/esp/ESP8266_RTOS_SDK/components/esp8266/lib/libcore.a(phy.o)
                              /Users/phoenix/esp/ESP8266_RTOS_SDK/examples/get-started/project_template/build/bootloader/bootloader_support/libbootloader_support.a(bootloader_init.o) (phy_reg_default)
/Users/phoenix/esp/ESP8266_RTOS_SDK/components/esp8266/lib/libcore.a(uart.o)
                              /Users/phoenix/esp/ESP8266_RTOS_SDK/examples/get-started/project_template/build/bootloader/bootloader_support/libbootloader_support.a(bootloader_init.o) (uart_div_modify)

Allocating common symbols
Common symbol       size              file

esp_image_spi_freq_t
                    0x4               /Users/phoenix/esp/ESP8266_RTOS_SDK/examples/get-started/project_template/build/bootloader/main/libmain.a(bootloader_start.o)

Discarded input sections

 .text          0x0000000000000000        0x0 /Users/phoenix/esp/ESP8266_RTOS_SDK/examples/get-started/project_template/build/bootloader/main/libmain.a(bootloader_start.o)
[...]
Memory Configuration

Name             Origin             Length             Attributes
dport0_seg       0x000000003ff00000 0x0000000000000010
dram_seg         0x000000003ffe8000 0x0000000000017c00
iram_seg         0x0000000040100000 0x0000000000008000
*default*        0x0000000000000000 0xffffffffffffffff

Linker script and memory map

START GROUP
LOAD /Users/phoenix/esp/ESP8266_RTOS_SDK/examples/get-started/project_template/build/bootloader/main/libmain.a
LOAD /Users/phoenix/esp/ESP8266_RTOS_SDK/components/esp8266/lib/libcore.a
LOAD /Users/phoenix/esp/ESP8266_RTOS_SDK/examples/get-started/project_template/build/bootloader/bootloader_support/libbootloader_support.a
LOAD /Users/phoenix/esp/ESP8266_RTOS_SDK/examples/get-started/project_template/build/bootloader/spi_flash/libspi_flash.a
LOAD /Users/phoenix/esp/ESP8266_RTOS_SDK/examples/get-started/project_template/build/bootloader/log/liblog.a
LOAD /Users/phoenix/esp/ESP8266_RTOS_SDK/examples/get-started/project_template/build/bootloader/esp8266/libesp8266.a
LOAD /Users/phoenix/esp/ESP8266_RTOS_SDK/examples/get-started/project_template/build/bootloader/util/libutil.a
LOAD /Users/phoenix/esp/ESP8266_RTOS_SDK/components/esp8266/lib/libgcc.a
LOAD /Users/phoenix/esp/xtensa-lx106-elf/bin/../lib/gcc/xtensa-lx106-elf/5.2.0/../../../../xtensa-lx106-elf/lib/libstdc++.a
LOAD /Users/phoenix/esp/xtensa-lx106-elf/bin/../lib/gcc/xtensa-lx106-elf/5.2.0/libgcov.a
END GROUP

.text           0x0000000040100000     0x1c22
                0x0000000040100000                _stext = .
                0x0000000040100000                _text_start = ABSOLUTE (.)
                0x0000000040100000                . = ALIGN (0x10)
 *(.entry.text)
 *(.init.literal)
 *(.init)
 *(.literal .text .literal.* .text.* .stub .gnu.warning .gnu.linkonce.literal.* .gnu.linkonce.t.*.literal .gnu.linkonce.t.*)
 .literal.selected_boot_partition
                0x0000000040100000        0x0 /Users/phoenix/esp/ESP8266_RTOS_SDK/examples/get-started/project_template/build/bootloader/main/libmain.a(bootloader_start.o)
                                          0x4 (size before relaxing)
 .literal.select_image
                0x0000000040100000        0xc /Users/phoenix/esp/ESP8266_RTOS_SDK/examples/get-started/project_template/build/bootloader/main/libmain.a(bootloader_start.o)
                                         0x1c (size before relaxing)
 .literal.call_start_cpu
                0x000000004010000c        0x0 /Users/phoenix/esp/ESP8266_RTOS_SDK/examples/get-started/project_template/build/bootloader/main/libmain.a(bootloader_start.o)
                                          0xc (size before relaxing)
 .literal.print_flash_info
                0x000000004010000c       0x48 /Users/phoenix/esp/ESP8266_RTOS_SDK/examples/get-started/project_template/build/bootloader/bootloader_support/libbootloader_support.a(bootloader_init.o)
                                         0x54 (size before relaxing)
 .literal.uart_console_configure
                0x0000000040100054        0x0 /Users/phoenix/esp/ESP8266_RTOS_SDK/examples/get-started/project_template/build/bootloader/bootloader_support/libbootloader_support.a(bootloader_init.o)
                                          0x4 (size before relaxing)
 .literal.update_flash_config
                0x0000000040100054        0x4 /Users/phoenix/esp/ESP8266_RTOS_SDK/examples/get-started/project_template/build/bootloader/bootloader_support/libbootloader_support.a(bootloader_init.o)
                                          0x8 (size before relaxing)
 .literal.bootloader_main
                0x0000000040100058       0x10 /Users/phoenix/esp/ESP8266_RTOS_SDK/examples/get-started/project_template/build/bootloader/bootloader_support/libbootloader_support.a(bootloader_init.o)
                                         0x34 (size before relaxing)
 .literal.bootloader_init
                0x0000000040100068        0x8 /Users/phoenix/esp/ESP8266_RTOS_SDK/examples/get-started/project_template/build/bootloader/bootloader_support/libbootloader_support.a(bootloader_init.o)
                                         0x10 (size before relaxing)
 .literal.log_invalid_app_partition
                0x0000000040100070       0x14 /Users/phoenix/esp/ESP8266_RTOS_SDK/examples/get-started/project_template/build/bootloader/bootloader_support/libbootloader_support.a(bootloader_utility.o)
                                         0x20 (size before relaxing)
 .literal.try_load_partition
                0x0000000040100084        0x4 /Users/phoenix/esp/ESP8266_RTOS_SDK/examples/get-started/project_template/build/bootloader/bootloader_support/libbootloader_support.a(bootloader_utility.o)
                                         0x10 (size before relaxing)
 .literal.bootloader_utility_load_partition_table
                0x0000000040100088       0x4c /Users/phoenix/esp/ESP8266_RTOS_SDK/examples/get-started/project_template/build/bootloader/bootloader_support/libbootloader_support.a(bootloader_utility.o)
                                         0x74 (size before relaxing)
 .literal.bootloader_utility_get_selected_boot_partition
                0x00000000401000d4       0x1c /Users/phoenix/esp/ESP8266_RTOS_SDK/examples/get-started/project_template/build/bootloader/bootloader_support/libbootloader_support.a(bootloader_utility.o)
                                         0x5c (size before relaxing)
 .literal.bootloader_utility_load_boot_image
                0x00000000401000f0        0xc /Users/phoenix/esp/ESP8266_RTOS_SDK/examples/get-started/project_template/build/bootloader/bootloader_support/libbootloader_support.a(bootloader_utility.o)
                                         0x40 (size before relaxing)
 .literal.bootloader_utility_load_image
                0x00000000401000fc       0x14 /Users/phoenix/esp/ESP8266_RTOS_SDK/examples/get-started/project_template/build/bootloader/bootloader_support/libbootloader_support.a(bootloader_utility.o)
                                         0x1c (size before relaxing)
 .literal.should_map
                0x0000000040100110        0x4 /Users/phoenix/esp/ESP8266_RTOS_SDK/examples/get-started/project_template/build/bootloader/bootloader_support/libbootloader_support.a(esp_image_format.o)
                                          0x8 (size before relaxing)
 .literal.should_load
                0x0000000040100114        0x0 /Users/phoenix/esp/ESP8266_RTOS_SDK/examples/get-started/project_template/build/bootloader/bootloader_support/libbootloader_support.a(esp_image_format.o)
                                          0x4 (size before relaxing)
 .literal.verify_image_header
                0x0000000040100114       0x14 /Users/phoenix/esp/ESP8266_RTOS_SDK/examples/get-started/project_template/build/bootloader/bootloader_support/libbootloader_support.a(esp_image_format.o)
                                         0x20 (size before relaxing)
 .literal.process_segment_data
                0x0000000040100128        0x8 /Users/phoenix/esp/ESP8266_RTOS_SDK/examples/get-started/project_template/build/bootloader/bootloader_support/libbootloader_support.a(esp_image_format.o)
                                         0x14 (size before relaxing)
 .literal.verify_checksum
                0x0000000040100130        0x8 /Users/phoenix/esp/ESP8266_RTOS_SDK/examples/get-started/project_template/build/bootloader/bootloader_support/libbootloader_support.a(esp_image_format.o)
                                         0x1c (size before relaxing)
 .literal.process_segment
                0x0000000040100138       0x18 /Users/phoenix/esp/ESP8266_RTOS_SDK/examples/get-started/project_template/build/bootloader/bootloader_support/libbootloader_support.a(esp_image_format.o)
                                         0x40 (size before relaxing)
 .literal.esp_image_load
                0x0000000040100150       0x14 /Users/phoenix/esp/ESP8266_RTOS_SDK/examples/get-started/project_template/build/bootloader/bootloader_support/libbootloader_support.a(esp_image_format.o)
                                         0x44 (size before relaxing)
 .literal.esp_partition_table_basic_verify
                0x0000000040100164       0x1c /Users/phoenix/esp/ESP8266_RTOS_SDK/examples/get-started/project_template/build/bootloader/bootloader_support/libbootloader_support.a(flash_partitions.o)
                                         0x2c (size before relaxing)
 .literal.bootloader_common_ota_select_crc
                0x0000000040100180        0x0 /Users/phoenix/esp/ESP8266_RTOS_SDK/examples/get-started/project_template/build/bootloader/bootloader_support/libbootloader_support.a(bootloader_common.o)
                                          0x4 (size before relaxing)
 .literal.bootloader_common_ota_select_valid
                0x0000000040100180        0x0 /Users/phoenix/esp/ESP8266_RTOS_SDK/examples/get-started/project_template/build/bootloader/bootloader_support/libbootloader_support.a(bootloader_common.o)
                                          0x4 (size before relaxing)
 .literal.bootloader_flash_read_no_decrypt
                0x0000000040100180        0x4 /Users/phoenix/esp/ESP8266_RTOS_SDK/examples/get-started/project_template/build/bootloader/bootloader_support/libbootloader_support.a(bootloader_flash.o)
 .literal.bootloader_mmap
                0x0000000040100184       0x10 /Users/phoenix/esp/ESP8266_RTOS_SDK/examples/get-started/project_template/build/bootloader/bootloader_support/libbootloader_support.a(bootloader_flash.o)
                                         0x28 (size before relaxing)
 .literal.bootloader_munmap
                0x0000000040100194        0x0 /Users/phoenix/esp/ESP8266_RTOS_SDK/examples/get-started/project_template/build/bootloader/bootloader_support/libbootloader_support.a(bootloader_flash.o)
                                          0x8 (size before relaxing)
 .literal.bootloader_flash_read
                0x0000000040100194        0xc /Users/phoenix/esp/ESP8266_RTOS_SDK/examples/get-started/project_template/build/bootloader/bootloader_support/libbootloader_support.a(bootloader_flash.o)
                                         0x20 (size before relaxing)
 .literal.spi_user_cmd
                0x00000000401001a0        0x4 /Users/phoenix/esp/ESP8266_RTOS_SDK/examples/get-started/project_template/build/bootloader/spi_flash/libspi_flash.a(spi_flash.o)
                                          0xc (size before relaxing)
 .literal.special_flash_read_status
                0x00000000401001a4        0x0 /Users/phoenix/esp/ESP8266_RTOS_SDK/examples/get-started/project_template/build/bootloader/spi_flash/libspi_flash.a(spi_flash.o)
                                          0x4 (size before relaxing)
 .literal.flash_gd25q32c_read_status
                0x00000000401001a4        0x0 /Users/phoenix/esp/ESP8266_RTOS_SDK/examples/get-started/project_template/build/bootloader/spi_flash/libspi_flash.a(spi_flash.o)
                                          0x4 (size before relaxing)
 .literal.special_flash_write_status
                0x00000000401001a4        0x0 /Users/phoenix/esp/ESP8266_RTOS_SDK/examples/get-started/project_template/build/bootloader/spi_flash/libspi_flash.a(spi_flash.o)
                                          0x8 (size before relaxing)
 .literal.spi_flash_enable_qio_bit6
                0x00000000401001a4        0x0 /Users/phoenix/esp/ESP8266_RTOS_SDK/examples/get-started/project_template/build/bootloader/spi_flash/libspi_flash.a(spi_flash.o)
                                          0x4 (size before relaxing)
 .literal.flash_gd25q32c_write_status
                0x00000000401001a4        0x0 /Users/phoenix/esp/ESP8266_RTOS_SDK/examples/get-started/project_template/build/bootloader/spi_flash/libspi_flash.a(spi_flash.o)
                                          0x4 (size before relaxing)
 .literal.flash_gd25q32c_enable_QIO_mode
                0x00000000401001a4        0x0 /Users/phoenix/esp/ESP8266_RTOS_SDK/examples/get-started/project_template/build/bootloader/spi_flash/libspi_flash.a(spi_flash.o)
                                          0xc (size before relaxing)
 .literal.en25q16x_read_sfdp
                0x00000000401001a4        0x4 /Users/phoenix/esp/ESP8266_RTOS_SDK/examples/get-started/project_template/build/bootloader/spi_flash/libspi_flash.a(spi_flash.o)
                                          0x8 (size before relaxing)
 .literal.spi_flash_get_id
                0x00000000401001a8        0x0 /Users/phoenix/esp/ESP8266_RTOS_SDK/examples/get-started/project_template/build/bootloader/spi_flash/libspi_flash.a(spi_flash.o)
                                          0xc (size before relaxing)
 .literal.spi_flash_read_status
                0x00000000401001a8        0x0 /Users/phoenix/esp/ESP8266_RTOS_SDK/examples/get-started/project_template/build/bootloader/spi_flash/libspi_flash.a(spi_flash.o)
                                          0xc (size before relaxing)
 .literal.spi_flash_issi_enable_QIO_mode
                0x00000000401001a8        0x0 /Users/phoenix/esp/ESP8266_RTOS_SDK/examples/get-started/project_template/build/bootloader/spi_flash/libspi_flash.a(spi_flash.o)
                                          0xc (size before relaxing)
 .literal.special_flash_set_mode
                0x00000000401001a8        0x0 /Users/phoenix/esp/ESP8266_RTOS_SDK/examples/get-started/project_template/build/bootloader/spi_flash/libspi_flash.a(spi_flash.o)
                                          0x8 (size before relaxing)
 .literal.en25q16x_write_volatile_status
                0x00000000401001a8        0x0 /Users/phoenix/esp/ESP8266_RTOS_SDK/examples/get-started/project_template/build/bootloader/spi_flash/libspi_flash.a(spi_flash.o)
                                         0x14 (size before relaxing)
 .literal.user_spi_flash_dio_to_qio_pre_init
                0x00000000401001a8       0x10 /Users/phoenix/esp/ESP8266_RTOS_SDK/examples/get-started/project_template/build/bootloader/spi_flash/libspi_flash.a(spi_flash.o)
                                         0x34 (size before relaxing)
 .literal.esp_spi_flash_init
                0x00000000401001b8       0x20 /Users/phoenix/esp/ESP8266_RTOS_SDK/examples/get-started/project_template/build/bootloader/spi_flash/libspi_flash.a(spi_flash.o)
                                         0x28 (size before relaxing)
 .literal.Cache_Read_Disable_2
                0x00000000401001d8        0xc /Users/phoenix/esp/ESP8266_RTOS_SDK/examples/get-started/project_template/build/bootloader/spi_flash/libspi_flash.a(spi_flash_raw.o)
                                         0x10 (size before relaxing)
 .literal.Cache_Read_Enable_2
                0x00000000401001e4        0x4 /Users/phoenix/esp/ESP8266_RTOS_SDK/examples/get-started/project_template/build/bootloader/spi_flash/libspi_flash.a(spi_flash_raw.o)
                                          0xc (size before relaxing)
 .literal.spi_flash_get_id_raw
                0x00000000401001e8       0x10 /Users/phoenix/esp/ESP8266_RTOS_SDK/examples/get-started/project_template/build/bootloader/spi_flash/libspi_flash.a(spi_flash_raw.o)
                                         0x1c (size before relaxing)
 .literal.spi_flash_read_status_raw
                0x00000000401001f8        0x4 /Users/phoenix/esp/ESP8266_RTOS_SDK/examples/get-started/project_template/build/bootloader/spi_flash/libspi_flash.a(spi_flash_raw.o)
                                          0xc (size before relaxing)
 .literal.spi_flash_enable_qmode_raw
                0x00000000401001fc        0x4 /Users/phoenix/esp/ESP8266_RTOS_SDK/examples/get-started/project_template/build/bootloader/spi_flash/libspi_flash.a(spi_flash_raw.o)
                                         0x10 (size before relaxing)
 .literal.spi_user_cmd_raw
                0x0000000040100200       0x64 /Users/phoenix/esp/ESP8266_RTOS_SDK/examples/get-started/project_template/build/bootloader/spi_flash/libspi_flash.a(spi_flash_raw.o)
                                         0x8c (size before relaxing)
 .literal.spi_flash_switch_to_qio_raw
                0x0000000040100264        0x8 /Users/phoenix/esp/ESP8266_RTOS_SDK/examples/get-started/project_template/build/bootloader/spi_flash/libspi_flash.a(spi_flash_raw.o)
                                          0xc (size before relaxing)
 .literal.uart_putc
                0x000000004010026c        0xc /Users/phoenix/esp/ESP8266_RTOS_SDK/examples/get-started/project_template/build/bootloader/esp8266/libesp8266.a(ets_printf.o)
 .literal.ets_putc
                0x0000000040100278        0x0 /Users/phoenix/esp/ESP8266_RTOS_SDK/examples/get-started/project_template/build/bootloader/esp8266/libesp8266.a(ets_printf.o)
                                          0x8 (size before relaxing)
 .literal.ets_vprintf
                0x0000000040100278        0x8 /Users/phoenix/esp/ESP8266_RTOS_SDK/examples/get-started/project_template/build/bootloader/esp8266/libesp8266.a(ets_printf.o)
 .literal.ets_printf
                0x0000000040100280        0x0 /Users/phoenix/esp/ESP8266_RTOS_SDK/examples/get-started/project_template/build/bootloader/esp8266/libesp8266.a(ets_printf.o)
                                          0x4 (size before relaxing)
 .literal.crc32_le
                0x0000000040100280        0x4 /Users/phoenix/esp/ESP8266_RTOS_SDK/examples/get-started/project_template/build/bootloader/util/libutil.a(crc.o)
 .iram1.0.literal
                0x0000000040100284        0xc /Users/phoenix/esp/ESP8266_RTOS_SDK/examples/get-started/project_template/build/bootloader/log/liblog.a(log.o)
 .iram1.1.literal
                0x0000000040100290       0x18 /Users/phoenix/esp/ESP8266_RTOS_SDK/examples/get-started/project_template/build/bootloader/log/liblog.a(log.o)
                                         0x30 (size before relaxing)
 .text.selected_boot_partition
                0x00000000401002a8        0xf /Users/phoenix/esp/ESP8266_RTOS_SDK/examples/get-started/project_template/build/bootloader/main/libmain.a(bootloader_start.o)
                                         0x13 (size before relaxing)
 *fill*         0x00000000401002b7        0x1 
 .text.select_image
                0x00000000401002b8       0x68 /Users/phoenix/esp/ESP8266_RTOS_SDK/examples/get-started/project_template/build/bootloader/main/libmain.a(bootloader_start.o)
                                         0x70 (size before relaxing)
 .text.call_start_cpu
                0x0000000040100320       0x26 /Users/phoenix/esp/ESP8266_RTOS_SDK/examples/get-started/project_template/build/bootloader/main/libmain.a(bootloader_start.o)
                                         0x2e (size before relaxing)
                0x0000000040100320                call_start_cpu
 *fill*         0x0000000040100346        0x2 
 .text.print_flash_info
                0x0000000040100348       0xc6 /Users/phoenix/esp/ESP8266_RTOS_SDK/examples/get-started/project_template/build/bootloader/bootloader_support/libbootloader_support.a(bootloader_init.o)
                                         0xca (size before relaxing)
 *fill*         0x000000004010040e        0x2 
 .text.uart_console_configure
                0x0000000040100410       0x17 /Users/phoenix/esp/ESP8266_RTOS_SDK/examples/get-started/project_template/build/bootloader/bootloader_support/libbootloader_support.a(bootloader_init.o)
 *fill*         0x0000000040100427        0x1 
 .text.update_flash_config
                0x0000000040100428       0x21 /Users/phoenix/esp/ESP8266_RTOS_SDK/examples/get-started/project_template/build/bootloader/bootloader_support/libbootloader_support.a(bootloader_init.o)
 *fill*         0x0000000040100449        0x3 
 .text.bootloader_main
                0x000000004010044c       0x69 /Users/phoenix/esp/ESP8266_RTOS_SDK/examples/get-started/project_template/build/bootloader/bootloader_support/libbootloader_support.a(bootloader_init.o)
                                         0x7d (size before relaxing)
 *fill*         0x00000000401004b5        0x3 
 .text.bootloader_init
                0x00000000401004b8       0x25 /Users/phoenix/esp/ESP8266_RTOS_SDK/examples/get-started/project_template/build/bootloader/bootloader_support/libbootloader_support.a(bootloader_init.o)
                                         0x29 (size before relaxing)
                0x00000000401004b8                bootloader_init
 *fill*         0x00000000401004dd        0x3 
 .text.log_invalid_app_partition
                0x00000000401004e0       0x4b /Users/phoenix/esp/ESP8266_RTOS_SDK/examples/get-started/project_template/build/bootloader/bootloader_support/libbootloader_support.a(bootloader_utility.o)
                                         0x53 (size before relaxing)
 *fill*         0x000000004010052b        0x1 
 .text.try_load_partition
                0x000000004010052c       0x3d /Users/phoenix/esp/ESP8266_RTOS_SDK/examples/get-started/project_template/build/bootloader/bootloader_support/libbootloader_support.a(bootloader_utility.o)
                                         0x41 (size before relaxing)
 *fill*         0x0000000040100569        0x3 
 .text.bootloader_utility_load_partition_table
                0x000000004010056c      0x171 /Users/phoenix/esp/ESP8266_RTOS_SDK/examples/get-started/project_template/build/bootloader/bootloader_support/libbootloader_support.a(bootloader_utility.o)
                                        0x185 (size before relaxing)
                0x000000004010056c                bootloader_utility_load_partition_table
 *fill*         0x00000000401006dd        0x3 
 .text.bootloader_utility_get_selected_boot_partition
                0x00000000401006e0      0x146 /Users/phoenix/esp/ESP8266_RTOS_SDK/examples/get-started/project_template/build/bootloader/bootloader_support/libbootloader_support.a(bootloader_utility.o)
                                        0x15e (size before relaxing)
                0x00000000401006e0                bootloader_utility_get_selected_boot_partition
 *fill*         0x0000000040100826        0x2 
 .text.bootloader_utility_load_boot_image
                0x0000000040100828       0xd6 /Users/phoenix/esp/ESP8266_RTOS_SDK/examples/get-started/project_template/build/bootloader/bootloader_support/libbootloader_support.a(bootloader_utility.o)
                                         0xfa (size before relaxing)
                0x0000000040100828                bootloader_utility_load_boot_image
 *fill*         0x00000000401008fe        0x2 
 .text.bootloader_utility_load_image
                0x0000000040100900       0x69 /Users/phoenix/esp/ESP8266_RTOS_SDK/examples/get-started/project_template/build/bootloader/bootloader_support/libbootloader_support.a(bootloader_utility.o)
                0x0000000040100900                bootloader_utility_load_image
 *fill*         0x0000000040100969        0x3 
 .text.should_map
                0x000000004010096c       0x15 /Users/phoenix/esp/ESP8266_RTOS_SDK/examples/get-started/project_template/build/bootloader/bootloader_support/libbootloader_support.a(esp_image_format.o)
 *fill*         0x0000000040100981        0x3 
 .text.should_load
                0x0000000040100984       0x19 /Users/phoenix/esp/ESP8266_RTOS_SDK/examples/get-started/project_template/build/bootloader/bootloader_support/libbootloader_support.a(esp_image_format.o)
                                         0x1d (size before relaxing)
 *fill*         0x000000004010099d        0x3 
 .text.verify_image_header
                0x00000000401009a0       0x7d /Users/phoenix/esp/ESP8266_RTOS_SDK/examples/get-started/project_template/build/bootloader/bootloader_support/libbootloader_support.a(esp_image_format.o)
                                         0x85 (size before relaxing)
 *fill*         0x0000000040100a1d        0x3 
 .text.process_segment_data
                0x0000000040100a20       0x87 /Users/phoenix/esp/ESP8266_RTOS_SDK/examples/get-started/project_template/build/bootloader/bootloader_support/libbootloader_support.a(esp_image_format.o)
                                         0x8f (size before relaxing)
 *fill*         0x0000000040100aa7        0x1 
 .text.verify_checksum
                0x0000000040100aa8       0x92 /Users/phoenix/esp/ESP8266_RTOS_SDK/examples/get-started/project_template/build/bootloader/bootloader_support/libbootloader_support.a(esp_image_format.o)
                                         0x9a (size before relaxing)
 *fill*         0x0000000040100b3a        0x2 
 .text.process_segment
                0x0000000040100b3c      0x11a /Users/phoenix/esp/ESP8266_RTOS_SDK/examples/get-started/project_template/build/bootloader/bootloader_support/libbootloader_support.a(esp_image_format.o)
                                        0x12a (size before relaxing)
 *fill*         0x0000000040100c56        0x2 
 .text.esp_image_load
                0x0000000040100c58      0x193 /Users/phoenix/esp/ESP8266_RTOS_SDK/examples/get-started/project_template/build/bootloader/bootloader_support/libbootloader_support.a(esp_image_format.o)
                                        0x1ab (size before relaxing)
                0x0000000040100c58                esp_image_load
 *fill*         0x0000000040100deb        0x1 
 .text.esp_partition_table_basic_verify
                0x0000000040100dec       0xe7 /Users/phoenix/esp/ESP8266_RTOS_SDK/examples/get-started/project_template/build/bootloader/bootloader_support/libbootloader_support.a(flash_partitions.o)
                                         0xeb (size before relaxing)
                0x0000000040100dec                esp_partition_table_basic_verify
 *fill*         0x0000000040100ed3        0x1 
 .text.bootloader_common_ota_select_crc
                0x0000000040100ed4       0x18 /Users/phoenix/esp/ESP8266_RTOS_SDK/examples/get-started/project_template/build/bootloader/bootloader_support/libbootloader_support.a(bootloader_common.o)
                0x0000000040100ed4                bootloader_common_ota_select_crc
 .text.bootloader_common_ota_select_valid
                0x0000000040100eec       0x2c /Users/phoenix/esp/ESP8266_RTOS_SDK/examples/get-started/project_template/build/bootloader/bootloader_support/libbootloader_support.a(bootloader_common.o)
                0x0000000040100eec                bootloader_common_ota_select_valid
 .text.bootloader_flash_read_no_decrypt
                0x0000000040100f18       0x15 /Users/phoenix/esp/ESP8266_RTOS_SDK/examples/get-started/project_template/build/bootloader/bootloader_support/libbootloader_support.a(bootloader_flash.o)
 *fill*         0x0000000040100f2d        0x3 
 .text.bootloader_mmap
                0x0000000040100f30       0x63 /Users/phoenix/esp/ESP8266_RTOS_SDK/examples/get-started/project_template/build/bootloader/bootloader_support/libbootloader_support.a(bootloader_flash.o)
                                         0x67 (size before relaxing)
                0x0000000040100f30                bootloader_mmap
 *fill*         0x0000000040100f93        0x1 
 .text.bootloader_munmap
                0x0000000040100f94       0x23 /Users/phoenix/esp/ESP8266_RTOS_SDK/examples/get-started/project_template/build/bootloader/bootloader_support/libbootloader_support.a(bootloader_flash.o)
                0x0000000040100f94                bootloader_munmap
 *fill*         0x0000000040100fb7        0x1 
 .text.bootloader_flash_read
                0x0000000040100fb8       0x62 /Users/phoenix/esp/ESP8266_RTOS_SDK/examples/get-started/project_template/build/bootloader/bootloader_support/libbootloader_support.a(bootloader_flash.o)
                                         0x65 (size before relaxing)
                0x0000000040100fb8                bootloader_flash_read
 *fill*         0x000000004010101a        0x2 
 .text.spi_user_cmd
                0x000000004010101c       0x4d /Users/phoenix/esp/ESP8266_RTOS_SDK/examples/get-started/project_template/build/bootloader/spi_flash/libspi_flash.a(spi_flash.o)
                0x000000004010101c                spi_user_cmd
 *fill*         0x0000000040101069        0x3 
 .text.special_flash_read_status
                0x000000004010106c       0x39 /Users/phoenix/esp/ESP8266_RTOS_SDK/examples/get-started/project_template/build/bootloader/spi_flash/libspi_flash.a(spi_flash.o)
                                         0x3d (size before relaxing)
                0x000000004010106c                special_flash_read_status
 *fill*         0x00000000401010a5        0x3 
 .text.flash_gd25q32c_read_status
                0x00000000401010a8       0x33 /Users/phoenix/esp/ESP8266_RTOS_SDK/examples/get-started/project_template/build/bootloader/spi_flash/libspi_flash.a(spi_flash.o)
 *fill*         0x00000000401010db        0x1 
 .text.special_flash_write_status
                0x00000000401010dc       0x59 /Users/phoenix/esp/ESP8266_RTOS_SDK/examples/get-started/project_template/build/bootloader/spi_flash/libspi_flash.a(spi_flash.o)
                                         0x61 (size before relaxing)
                0x00000000401010dc                special_flash_write_status
 *fill*         0x0000000040101135        0x3 
 .text.spi_flash_enable_qio_bit6
                0x0000000040101138       0x17 /Users/phoenix/esp/ESP8266_RTOS_SDK/examples/get-started/project_template/build/bootloader/spi_flash/libspi_flash.a(spi_flash.o)
                                         0x1b (size before relaxing)
 *fill*         0x000000004010114f        0x1 
 .text.flash_gd25q32c_write_status
                0x0000000040101150       0x30 /Users/phoenix/esp/ESP8266_RTOS_SDK/examples/get-started/project_template/build/bootloader/spi_flash/libspi_flash.a(spi_flash.o)
 .text.flash_gd25q32c_enable_QIO_mode
                0x0000000040101180       0x3e /Users/phoenix/esp/ESP8266_RTOS_SDK/examples/get-started/project_template/build/bootloader/spi_flash/libspi_flash.a(spi_flash.o)
                                         0x46 (size before relaxing)
 *fill*         0x00000000401011be        0x2 
 .text.en25q16x_read_sfdp
                0x00000000401011c0       0x43 /Users/phoenix/esp/ESP8266_RTOS_SDK/examples/get-started/project_template/build/bootloader/spi_flash/libspi_flash.a(spi_flash.o)
                0x00000000401011c0                en25q16x_read_sfdp
 *fill*         0x0000000040101203        0x1 
 .text.spi_flash_get_id
                0x0000000040101204       0x26 /Users/phoenix/esp/ESP8266_RTOS_SDK/examples/get-started/project_template/build/bootloader/spi_flash/libspi_flash.a(spi_flash.o)
                0x0000000040101204                spi_flash_get_id
 *fill*         0x000000004010122a        0x2 
 .text.spi_flash_read_status
                0x000000004010122c       0x28 /Users/phoenix/esp/ESP8266_RTOS_SDK/examples/get-started/project_template/build/bootloader/spi_flash/libspi_flash.a(spi_flash.o)
                0x000000004010122c                spi_flash_read_status
 .text.spi_flash_issi_enable_QIO_mode
                0x0000000040101254       0x43 /Users/phoenix/esp/ESP8266_RTOS_SDK/examples/get-started/project_template/build/bootloader/spi_flash/libspi_flash.a(spi_flash.o)
                                         0x4b (size before relaxing)
 *fill*         0x0000000040101297        0x1 
 .text.special_flash_set_mode
                0x0000000040101298       0x40 /Users/phoenix/esp/ESP8266_RTOS_SDK/examples/get-started/project_template/build/bootloader/spi_flash/libspi_flash.a(spi_flash.o)
                                         0x44 (size before relaxing)
                0x0000000040101298                special_flash_set_mode
 .text.en25q16x_write_volatile_status
                0x00000000401012d8       0x4f /Users/phoenix/esp/ESP8266_RTOS_SDK/examples/get-started/project_template/build/bootloader/spi_flash/libspi_flash.a(spi_flash.o)
                                         0x5b (size before relaxing)
                0x00000000401012d8                en25q16x_write_volatile_status
 *fill*         0x0000000040101327        0x1 
 .text.user_spi_flash_dio_to_qio_pre_init
                0x0000000040101328       0xd1 /Users/phoenix/esp/ESP8266_RTOS_SDK/examples/get-started/project_template/build/bootloader/spi_flash/libspi_flash.a(spi_flash.o)
                                         0xdd (size before relaxing)
                0x0000000040101328                user_spi_flash_dio_to_qio_pre_init
 *fill*         0x00000000401013f9        0x3 
 .text.esp_spi_flash_init
                0x00000000401013fc       0xc1 /Users/phoenix/esp/ESP8266_RTOS_SDK/examples/get-started/project_template/build/bootloader/spi_flash/libspi_flash.a(spi_flash.o)
                                         0xc5 (size before relaxing)
                0x00000000401013fc                esp_spi_flash_init
 *fill*         0x00000000401014bd        0x3 
 .text.Cache_Read_Disable_2
                0x00000000401014c0       0x34 /Users/phoenix/esp/ESP8266_RTOS_SDK/examples/get-started/project_template/build/bootloader/spi_flash/libspi_flash.a(spi_flash_raw.o)
                0x00000000401014c0                Cache_Read_Disable_2
 .text.Cache_Read_Enable_2
                0x00000000401014f4       0x28 /Users/phoenix/esp/ESP8266_RTOS_SDK/examples/get-started/project_template/build/bootloader/spi_flash/libspi_flash.a(spi_flash_raw.o)
                0x00000000401014f4                Cache_Read_Enable_New
                0x00000000401014f4                Cache_Read_Enable_2
 .text.spi_flash_get_id_raw
                0x000000004010151c       0x57 /Users/phoenix/esp/ESP8266_RTOS_SDK/examples/get-started/project_template/build/bootloader/spi_flash/libspi_flash.a(spi_flash_raw.o)
                0x000000004010151c                spi_flash_get_id_raw
 *fill*         0x0000000040101573        0x1 
 .text.spi_flash_read_status_raw
                0x0000000040101574       0x2f /Users/phoenix/esp/ESP8266_RTOS_SDK/examples/get-started/project_template/build/bootloader/spi_flash/libspi_flash.a(spi_flash_raw.o)
                                         0x33 (size before relaxing)
                0x0000000040101574                spi_flash_read_status_raw
 *fill*         0x00000000401015a3        0x1 
 .text.spi_flash_enable_qmode_raw
                0x00000000401015a4       0x33 /Users/phoenix/esp/ESP8266_RTOS_SDK/examples/get-started/project_template/build/bootloader/spi_flash/libspi_flash.a(spi_flash_raw.o)
                                         0x37 (size before relaxing)
                0x00000000401015a4                spi_flash_enable_qmode_raw
 *fill*         0x00000000401015d7        0x1 
 .text.spi_user_cmd_raw
                0x00000000401015d8      0x3d7 /Users/phoenix/esp/ESP8266_RTOS_SDK/examples/get-started/project_template/build/bootloader/spi_flash/libspi_flash.a(spi_flash_raw.o)
                0x00000000401015d8                spi_user_cmd_raw
 *fill*         0x00000000401019af        0x1 
 .text.spi_flash_switch_to_qio_raw
                0x00000000401019b0       0x25 /Users/phoenix/esp/ESP8266_RTOS_SDK/examples/get-started/project_template/build/bootloader/spi_flash/libspi_flash.a(spi_flash_raw.o)
                0x00000000401019b0                spi_flash_switch_to_qio_raw
 *fill*         0x00000000401019d5        0x3 
 .text.uart_putc
                0x00000000401019d8       0x21 /Users/phoenix/esp/ESP8266_RTOS_SDK/examples/get-started/project_template/build/bootloader/esp8266/libesp8266.a(ets_printf.o)
 *fill*         0x00000000401019f9        0x3 
 .text.ets_putc
                0x00000000401019fc       0x27 /Users/phoenix/esp/ESP8266_RTOS_SDK/examples/get-started/project_template/build/bootloader/esp8266/libesp8266.a(ets_printf.o)
                0x00000000401019fc                ets_putc
 *fill*         0x0000000040101a23        0x1 
 .text.ets_vprintf
                0x0000000040101a24       0x1f /Users/phoenix/esp/ESP8266_RTOS_SDK/examples/get-started/project_template/build/bootloader/esp8266/libesp8266.a(ets_printf.o)
                0x0000000040101a24                ets_vprintf
 *fill*         0x0000000040101a43        0x1 
 .text.ets_printf
                0x0000000040101a44       0x27 /Users/phoenix/esp/ESP8266_RTOS_SDK/examples/get-started/project_template/build/bootloader/esp8266/libesp8266.a(ets_printf.o)
                                         0x2b (size before relaxing)
                0x0000000040101a44                ets_printf
 *fill*         0x0000000040101a6b        0x1 
 .text.crc32_le
                0x0000000040101a6c       0x2f /Users/phoenix/esp/ESP8266_RTOS_SDK/examples/get-started/project_template/build/bootloader/util/libutil.a(crc.o)
                0x0000000040101a6c                crc32_le
 *fill*         0x0000000040101a9b        0x1 
 .text.phy_reg_default
                0x0000000040101a9c       0x36 /Users/phoenix/esp/ESP8266_RTOS_SDK/components/esp8266/lib/libcore.a(phy.o)
                0x0000000040101aac                phy_reg_default
 *fill*         0x0000000040101ad2        0x2 
 .text.uart_div_modify
                0x0000000040101ad4       0x50 /Users/phoenix/esp/ESP8266_RTOS_SDK/components/esp8266/lib/libcore.a(uart.o)
                0x0000000040101ae4                uart_div_modify
 *fill*         0x0000000040101b24        0x0 
 *fill*         0x0000000040101b24        0x0 
 *fill*         0x0000000040101b24        0x0 
 *fill*         0x0000000040101b24        0x0 
 *fill*         0x0000000040101b24        0x0 
 *fill*         0x0000000040101b24        0x0 
 *fill*         0x0000000040101b24        0x0 
 .text.index_to_partition
                0x0000000040101b24       0x4b /Users/phoenix/esp/ESP8266_RTOS_SDK/examples/get-started/project_template/build/bootloader/bootloader_support/libbootloader_support.a(bootloader_utility.o)
 *fill*         0x0000000040101b6f        0x0 
 *fill*         0x0000000040101b6f        0x0 
 *fill*         0x0000000040101b6f        0x0 
 *fill*         0x0000000040101b6f        0x0 
 *fill*         0x0000000040101b6f        0x0 
 *fill*         0x0000000040101b6f        0x0 
 *fill*         0x0000000040101b6f        0x1 
 .text.verify_segment_header
                0x0000000040101b70        0x4 /Users/phoenix/esp/ESP8266_RTOS_SDK/examples/get-started/project_template/build/bootloader/bootloader_support/libbootloader_support.a(esp_image_format.o)
 *fill*         0x0000000040101b74        0x0 
 *fill*         0x0000000040101b74        0x0 
 *fill*         0x0000000040101b74        0x0 
 *fill*         0x0000000040101b74        0x0 
 *fill*         0x0000000040101b74        0x0 
 *fill*         0x0000000040101b74        0x0 
 *fill*         0x0000000040101b74        0x0 
 *fill*         0x0000000040101b74        0x0 
 *fill*         0x0000000040101b74        0x0 
 *fill*         0x0000000040101b74        0x0 
 *fill*         0x0000000040101b74        0x0 
 *fill*         0x0000000040101b74        0x0 
 *fill*         0x0000000040101b74        0x0 
 *fill*         0x0000000040101b74        0x0 
 *fill*         0x0000000040101b74        0x0 
 *fill*         0x0000000040101b74        0x0 
 *fill*         0x0000000040101b74        0x0 
 *fill*         0x0000000040101b74        0x0 
 *fill*         0x0000000040101b74        0x0 
 *fill*         0x0000000040101b74        0x0 
 *fill*         0x0000000040101b74        0x0 
 *fill*         0x0000000040101b74        0x0 
 *fill*         0x0000000040101b74        0x0 
 *fill*         0x0000000040101b74        0x0 
 *fill*         0x0000000040101b74        0x0 
 *fill*         0x0000000040101b74        0x0 
 *fill*         0x0000000040101b74        0x0 
 *fill*         0x0000000040101b74        0x0 
 *fill*         0x0000000040101b74        0x0 
 *fill*         0x0000000040101b74        0x0 
 *fill*         0x0000000040101b74        0x0 
 *fill*         0x0000000040101b74        0x0 
 *fill*         0x0000000040101b74        0x0 
 *fill*         0x0000000040101b74        0x0 
 *fill*         0x0000000040101b74        0x0 
 *(.iram1 .iram1.*)
 .iram1.0       0x0000000040101b74       0x1c /Users/phoenix/esp/ESP8266_RTOS_SDK/examples/get-started/project_template/build/bootloader/log/liblog.a(log.o)
                0x0000000040101b74                esp_log_early_timestamp
 .iram1.1       0x0000000040101b90       0x92 /Users/phoenix/esp/ESP8266_RTOS_SDK/examples/get-started/project_template/build/bootloader/log/liblog.a(log.o)
                                         0x9d (size before relaxing)
                0x0000000040101b90                esp_early_log_write
 *(.fini.literal)
 *(.fini)
 *(.gnu.version)
                0x0000000040101c22                _text_end = ABSOLUTE (.)
                0x0000000040101c22                _etext = .

.bss            0x000000003ffe8000      0x408
                0x000000003ffe8000                . = ALIGN (0x8)
                0x000000003ffe8000                _bss_start = ABSOLUTE (.)
 *(.dynsbss)
 *(.sbss)
 *(.sbss.*)
 *(.gnu.linkonce.sb.*)
 *(.scommon)
 *(.sbss2)
 *(.sbss2.*)
 *(.gnu.linkonce.sb2.*)
 *(.dynbss)
 *(.bss)
 *(.bss.*)
 .bss.pbuf$3425
                0x000000003ffe8000      0x400 /Users/phoenix/esp/ESP8266_RTOS_SDK/examples/get-started/project_template/build/bootloader/bootloader_support/libbootloader_support.a(esp_image_format.o)
 .bss.mapped    0x000000003ffe8400        0x1 /Users/phoenix/esp/ESP8266_RTOS_SDK/examples/get-started/project_template/build/bootloader/bootloader_support/libbootloader_support.a(bootloader_flash.o)
 .bss.FlashIsOnGoing
                0x000000003ffe8401        0x1 /Users/phoenix/esp/ESP8266_RTOS_SDK/examples/get-started/project_template/build/bootloader/spi_flash/libspi_flash.a(spi_flash.o)
                0x000000003ffe8401                FlashIsOnGoing
 *(.gnu.linkonce.b.*)
 *(COMMON)
                0x000000003ffe8408                . = ALIGN (0x8)
 *fill*         0x000000003ffe8402        0x6 
                0x000000003ffe8408                _bss_end = ABSOLUTE (.)

.data           0x000000003ffe8408       0x18
                0x000000003ffe8408                _data_start = ABSOLUTE (.)
 *(.data)
 *(.data.*)
 .data.g_rom_flashchip
                0x000000003ffe8408       0x18 /Users/phoenix/esp/ESP8266_RTOS_SDK/examples/get-started/project_template/build/bootloader/spi_flash/libspi_flash.a(spi_flash.o)
                0x000000003ffe8408                g_rom_flashchip
 *(.gnu.linkonce.d.*)
 *(.data1)
 *(.sdata)
 *(.sdata.*)
 *(.gnu.linkonce.s.*)
 *(.sdata2)
 *(.sdata2.*)
 *(.gnu.linkonce.s2.*)
 *(.jcr)
                0x000000003ffe8420                _data_end = ABSOLUTE (.)

.rodata         0x000000003ffe8420      0xdcc
                0x000000003ffe8420                _rodata_start = ABSOLUTE (.)
 *(.rodata)
 *(.rodata.*)
 .rodata.str1.4
                0x000000003ffe8420       0x21 /Users/phoenix/esp/ESP8266_RTOS_SDK/examples/get-started/project_template/build/bootloader/main/libmain.a(bootloader_start.o)
 *fill*         0x000000003ffe8441        0x3 
 .rodata.str1.4
                0x000000003ffe8444       0xea /Users/phoenix/esp/ESP8266_RTOS_SDK/examples/get-started/project_template/build/bootloader/bootloader_support/libbootloader_support.a(bootloader_init.o)
                                         0xf6 (size before relaxing)
 *fill*         0x000000003ffe852e        0x2 
 .rodata.print_flash_info
                0x000000003ffe8530       0x28 /Users/phoenix/esp/ESP8266_RTOS_SDK/examples/get-started/project_template/build/bootloader/bootloader_support/libbootloader_support.a(bootloader_init.o)
 .rodata.str1.4
                0x000000003ffe8558      0x38a /Users/phoenix/esp/ESP8266_RTOS_SDK/examples/get-started/project_template/build/bootloader/bootloader_support/libbootloader_support.a(bootloader_utility.o)
                                        0x392 (size before relaxing)
 *fill*         0x000000003ffe88e2        0x2 
 .rodata.str1.4
                0x000000003ffe88e4      0x26b /Users/phoenix/esp/ESP8266_RTOS_SDK/examples/get-started/project_template/build/bootloader/bootloader_support/libbootloader_support.a(esp_image_format.o)
                                        0x26f (size before relaxing)
 *fill*         0x000000003ffe8b4f        0x1 
 .rodata.str1.4
                0x000000003ffe8b50       0xb4 /Users/phoenix/esp/ESP8266_RTOS_SDK/examples/get-started/project_template/build/bootloader/bootloader_support/libbootloader_support.a(flash_partitions.o)
 .rodata.str1.4
                0x000000003ffe8c04      0x17b /Users/phoenix/esp/ESP8266_RTOS_SDK/examples/get-started/project_template/build/bootloader/bootloader_support/libbootloader_support.a(bootloader_flash.o)
 *fill*         0x000000003ffe8d7f        0x1 
 .rodata.str1.4
                0x000000003ffe8d80       0x29 /Users/phoenix/esp/ESP8266_RTOS_SDK/examples/get-started/project_template/build/bootloader/spi_flash/libspi_flash.a(spi_flash.o)
 *fill*         0x000000003ffe8da9        0x3 
 .rodata.str1.4
                0x000000003ffe8dac       0x20 /Users/phoenix/esp/ESP8266_RTOS_SDK/examples/get-started/project_template/build/bootloader/log/liblog.a(log.o)
                                         0x22 (size before relaxing)
 .rodata.s_log_prefix
                0x000000003ffe8dcc        0x6 /Users/phoenix/esp/ESP8266_RTOS_SDK/examples/get-started/project_template/build/bootloader/log/liblog.a(log.o)
 *fill*         0x000000003ffe8dd2        0x2 
 .rodata.s_log_color
                0x000000003ffe8dd4       0x18 /Users/phoenix/esp/ESP8266_RTOS_SDK/examples/get-started/project_template/build/bootloader/log/liblog.a(log.o)
 .rodata.crc32_le_table
                0x000000003ffe8dec      0x400 /Users/phoenix/esp/ESP8266_RTOS_SDK/examples/get-started/project_template/build/bootloader/util/libutil.a(crc.o)
 *(.gnu.linkonce.r.*)
 *(.rodata1)
                0x000000003ffe91ec                __XT_EXCEPTION_TABLE_ = ABSOLUTE (.)
 *(.xt_except_table)
 *(.gcc_except_table)
 *(.gnu.linkonce.e.*)
 *(.gnu.version_r)
 *(.eh_frame)
                0x000000003ffe91ec                . = ((. + 0x3) & 0xfffffffffffffffc)
                0x000000003ffe91ec                __init_array_start = ABSOLUTE (.)
 *crtbegin.o(.ctors)
 *(EXCLUDE_FILE(*crtend.o) .ctors)
 *(SORT(.ctors.*))
 *(.ctors)
                0x000000003ffe91ec                __init_array_end = ABSOLUTE (.)
 *crtbegin.o(.dtors)
 *(EXCLUDE_FILE(*crtend.o) .dtors)
 *(SORT(.dtors.*))
 *(.dtors)
                0x000000003ffe91ec                __XT_EXCEPTION_DESCS_ = ABSOLUTE (.)
 *(.xt_except_desc)
 *(.gnu.linkonce.h.*)
                0x000000003ffe91ec                __XT_EXCEPTION_DESCS_END__ = ABSOLUTE (.)
 *(.xt_except_desc_end)
 *(.dynamic)
 *(.gnu.version_d)
                0x000000003ffe91ec                _rodata_end = ABSOLUTE (.)
                0x000000003ffe91ec                _lit4_start = ABSOLUTE (.)
 *(*.lit4)
 *(.lit4.*)
 *(.gnu.linkonce.lit4.*)
                0x000000003ffe91ec                _lit4_end = ABSOLUTE (.)
                0x000000003ffe91ec                . = ALIGN (0x4)
                0x000000003ffe91ec                _heap_start = ABSOLUTE (.)
                0x0000000060001100                PROVIDE (rtc_sys_info, 0x60001100)
                0x00000000400040c0                PROVIDE (SPI_sector_erase, 0x400040c0)
                0x0000000040004174                PROVIDE (SPI_page_program, 0x40004174)
                0x00000000400042ac                PROVIDE (SPI_read_data, 0x400042ac)
                0x00000000400043c8                PROVIDE (SPI_read_status, 0x400043c8)
                0x0000000040004400                PROVIDE (SPI_write_status, 0x40004400)
                0x000000004000443c                PROVIDE (SPI_write_enable, 0x4000443c)
                0x000000004000448c                PROVIDE (Wait_SPI_Idle, 0x4000448c)
                0x00000000400044c0                PROVIDE (Enable_QMode, 0x400044c0)
                [!provide]                        PROVIDE (Disable_QMode, 0x40004508)
                0x0000000040004678                PROVIDE (Cache_Read_Enable, 0x40004678)
                0x00000000400047f0                PROVIDE (Cache_Read_Disable, 0x400047f0)
                [!provide]                        PROVIDE (lldesc_build_chain, 0x40004f40)
                [!provide]                        PROVIDE (lldesc_num2link, 0x40005050)
                [!provide]                        PROVIDE (lldesc_set_owner, 0x4000507c)
                [!provide]                        PROVIDE (__adddf3, 0x4000c538)
                [!provide]                        PROVIDE (__addsf3, 0x4000c180)
                [!provide]                        PROVIDE (__divdf3, 0x4000cb94)
                [!provide]                        PROVIDE (__divdi3, 0x4000ce60)
                [!provide]                        PROVIDE (__divsi3, 0x4000dc88)
                [!provide]                        PROVIDE (__extendsfdf2, 0x4000cdfc)
                [!provide]                        PROVIDE (__fixdfsi, 0x4000ccb8)
                [!provide]                        PROVIDE (__fixunsdfsi, 0x4000cd00)
                [!provide]                        PROVIDE (__fixunssfsi, 0x4000c4c4)
                [!provide]                        PROVIDE (__floatsidf, 0x4000e2f0)
                [!provide]                        PROVIDE (__floatsisf, 0x4000e2ac)
                [!provide]                        PROVIDE (__floatunsidf, 0x4000e2e8)
                [!provide]                        PROVIDE (__floatunsisf, 0x4000e2a4)
                [!provide]                        PROVIDE (__muldf3, 0x4000c8f0)
                [!provide]                        PROVIDE (__muldi3, 0x40000650)
                [!provide]                        PROVIDE (__mulsf3, 0x4000c3dc)
                [!provide]                        PROVIDE (__subdf3, 0x4000c688)
                [!provide]                        PROVIDE (__subsf3, 0x4000c268)
                [!provide]                        PROVIDE (__truncdfsf2, 0x4000cd5c)
                [!provide]                        PROVIDE (__udivdi3, 0x4000d310)
                0x000000004000e21c                PROVIDE (__udivsi3, 0x4000e21c)
                [!provide]                        PROVIDE (__umoddi3, 0x4000d770)
                0x000000004000e268                PROVIDE (__umodsi3, 0x4000e268)
                [!provide]                        PROVIDE (__umulsidi3, 0x4000dcf0)
                [!provide]                        PROVIDE (bzero, 0x4000de84)
                [!provide]                        PROVIDE (memcmp, 0x4000dea8)
                0x000000004000df48                PROVIDE (memcpy, 0x4000df48)
                [!provide]                        PROVIDE (memmove, 0x4000e04c)
                0x000000004000e190                PROVIDE (memset, 0x4000e190)
                [!provide]                        PROVIDE (strcmp, 0x4000bdc8)
                [!provide]                        PROVIDE (strcpy, 0x4000bec8)
                [!provide]                        PROVIDE (strlen, 0x4000bf4c)
                [!provide]                        PROVIDE (strncmp, 0x4000bfa8)
                [!provide]                        PROVIDE (strncpy, 0x4000c0a0)
                [!provide]                        PROVIDE (strstr, 0x4000e1e0)
                0x0000000040004cf0                PROVIDE (gpio_input_get, 0x40004cf0)
                [!provide]                        PROVIDE (gpio_pin_wakeup_disable, 0x40004ed4)
                [!provide]                        PROVIDE (gpio_pin_wakeup_enable, 0x40004e90)
                0x0000000040001f00                PROVIDE (ets_io_vprintf, 0x40001f00)
                [!provide]                        PROVIDE (uart_rx_one_char, 0x40003b8c)
                [!provide]                        PROVIDE (rom_i2c_readReg, 0x40007268)
                [!provide]                        PROVIDE (rom_i2c_readReg_Mask, 0x4000729c)
                [!provide]                        PROVIDE (rom_i2c_writeReg, 0x400072d8)
                [!provide]                        PROVIDE (rom_i2c_writeReg_Mask, 0x4000730c)
                [!provide]                        PROVIDE (ets_memcpy, 0x400018b4)
                0x0000000040004b1c                PROVIDE (SPIRead, 0x40004b1c)
                0x0000000040004a4c                PROVIDE (SPIWrite, 0x40004a4c)
                0x0000000040004a00                PROVIDE (SPIEraseSector, 0x40004a00)
                [!provide]                        PROVIDE (gpio_input_get, 0x40004cf0)
                0x000000004000dd38                PROVIDE (xthal_get_ccount, 0x4000dd38)
                [!provide]                        PROVIDE (uart_div_modify, 0x400039d8)
                [!provide]                        PROVIDE (ets_io_vprintf, 0x40001f00)
OUTPUT(/Users/phoenix/esp/ESP8266_RTOS_SDK/examples/get-started/project_template/build/bootloader/bootloader.elf elf32-xtensa-le)

.debug_frame    0x0000000000000000      0xab8
 .debug_frame   0x0000000000000000       0x74 /Users/phoenix/esp/ESP8266_RTOS_SDK/examples/get-started/project_template/build/bootloader/main/libmain.a(bootloader_start.o)
 .debug_frame   0x0000000000000074       0xb4 /Users/phoenix/esp/ESP8266_RTOS_SDK/examples/get-started/project_template/build/bootloader/bootloader_support/libbootloader_support.a(bootloader_init.o)
 .debug_frame   0x0000000000000128       0xfc /Users/phoenix/esp/ESP8266_RTOS_SDK/examples/get-started/project_template/build/bootloader/bootloader_support/libbootloader_support.a(bootloader_utility.o)
 .debug_frame   0x0000000000000224      0x13c /Users/phoenix/esp/ESP8266_RTOS_SDK/examples/get-started/project_template/build/bootloader/bootloader_support/libbootloader_support.a(esp_image_format.o)
 .debug_frame   0x0000000000000360       0x38 /Users/phoenix/esp/ESP8266_RTOS_SDK/examples/get-started/project_template/build/bootloader/bootloader_support/libbootloader_support.a(flash_partitions.o)
 .debug_frame   0x0000000000000398       0x74 /Users/phoenix/esp/ESP8266_RTOS_SDK/examples/get-started/project_template/build/bootloader/bootloader_support/libbootloader_support.a(bootloader_common.o)
 .debug_frame   0x000000000000040c       0xd8 /Users/phoenix/esp/ESP8266_RTOS_SDK/examples/get-started/project_template/build/bootloader/bootloader_support/libbootloader_support.a(bootloader_flash.o)
 .debug_frame   0x00000000000004e4      0x350 /Users/phoenix/esp/ESP8266_RTOS_SDK/examples/get-started/project_template/build/bootloader/spi_flash/libspi_flash.a(spi_flash.o)
 .debug_frame   0x0000000000000834      0x16c /Users/phoenix/esp/ESP8266_RTOS_SDK/examples/get-started/project_template/build/bootloader/spi_flash/libspi_flash.a(spi_flash_raw.o)
 .debug_frame   0x00000000000009a0       0x58 /Users/phoenix/esp/ESP8266_RTOS_SDK/examples/get-started/project_template/build/bootloader/log/liblog.a(log.o)
 .debug_frame   0x00000000000009f8       0x80 /Users/phoenix/esp/ESP8266_RTOS_SDK/examples/get-started/project_template/build/bootloader/esp8266/libesp8266.a(ets_printf.o)
 .debug_frame   0x0000000000000a78       0x40 /Users/phoenix/esp/ESP8266_RTOS_SDK/examples/get-started/project_template/build/bootloader/util/libutil.a(crc.o)

.debug_info     0x0000000000000000     0x51ac
 .debug_info    0x0000000000000000      0x4b5 /Users/phoenix/esp/ESP8266_RTOS_SDK/examples/get-started/project_template/build/bootloader/main/libmain.a(bootloader_start.o)
 .debug_info    0x00000000000004b5      0x4fd /Users/phoenix/esp/ESP8266_RTOS_SDK/examples/get-started/project_template/build/bootloader/bootloader_support/libbootloader_support.a(bootloader_init.o)
 .debug_info    0x00000000000009b2      0xd5a /Users/phoenix/esp/ESP8266_RTOS_SDK/examples/get-started/project_template/build/bootloader/bootloader_support/libbootloader_support.a(bootloader_utility.o)
 .debug_info    0x000000000000170c      0xcf6 /Users/phoenix/esp/ESP8266_RTOS_SDK/examples/get-started/project_template/build/bootloader/bootloader_support/libbootloader_support.a(esp_image_format.o)
 .debug_info    0x0000000000002402      0x3d6 /Users/phoenix/esp/ESP8266_RTOS_SDK/examples/get-started/project_template/build/bootloader/bootloader_support/libbootloader_support.a(flash_partitions.o)
 .debug_info    0x00000000000027d8      0x341 /Users/phoenix/esp/ESP8266_RTOS_SDK/examples/get-started/project_template/build/bootloader/bootloader_support/libbootloader_support.a(bootloader_common.o)
 .debug_info    0x0000000000002b19      0x506 /Users/phoenix/esp/ESP8266_RTOS_SDK/examples/get-started/project_template/build/bootloader/bootloader_support/libbootloader_support.a(bootloader_flash.o)
 .debug_info    0x000000000000301f     0x134f /Users/phoenix/esp/ESP8266_RTOS_SDK/examples/get-started/project_template/build/bootloader/spi_flash/libspi_flash.a(spi_flash.o)
 .debug_info    0x000000000000436e      0x756 /Users/phoenix/esp/ESP8266_RTOS_SDK/examples/get-started/project_template/build/bootloader/spi_flash/libspi_flash.a(spi_flash_raw.o)
 .debug_info    0x0000000000004ac4      0x2c0 /Users/phoenix/esp/ESP8266_RTOS_SDK/examples/get-started/project_template/build/bootloader/log/liblog.a(log.o)
 .debug_info    0x0000000000004d84      0x21f /Users/phoenix/esp/ESP8266_RTOS_SDK/examples/get-started/project_template/build/bootloader/esp8266/libesp8266.a(ets_printf.o)
 .debug_info    0x0000000000004fa3      0x209 /Users/phoenix/esp/ESP8266_RTOS_SDK/examples/get-started/project_template/build/bootloader/util/libutil.a(crc.o)

.debug_abbrev   0x0000000000000000     0x141a
 .debug_abbrev  0x0000000000000000      0x18e /Users/phoenix/esp/ESP8266_RTOS_SDK/examples/get-started/project_template/build/bootloader/main/libmain.a(bootloader_start.o)
 .debug_abbrev  0x000000000000018e      0x1c1 /Users/phoenix/esp/ESP8266_RTOS_SDK/examples/get-started/project_template/build/bootloader/bootloader_support/libbootloader_support.a(bootloader_init.o)
 .debug_abbrev  0x000000000000034f      0x25c /Users/phoenix/esp/ESP8266_RTOS_SDK/examples/get-started/project_template/build/bootloader/bootloader_support/libbootloader_support.a(bootloader_utility.o)
 .debug_abbrev  0x00000000000005ab      0x1e6 /Users/phoenix/esp/ESP8266_RTOS_SDK/examples/get-started/project_template/build/bootloader/bootloader_support/libbootloader_support.a(esp_image_format.o)
 .debug_abbrev  0x0000000000000791      0x16e /Users/phoenix/esp/ESP8266_RTOS_SDK/examples/get-started/project_template/build/bootloader/bootloader_support/libbootloader_support.a(flash_partitions.o)
 .debug_abbrev  0x00000000000008ff      0x1aa /Users/phoenix/esp/ESP8266_RTOS_SDK/examples/get-started/project_template/build/bootloader/bootloader_support/libbootloader_support.a(bootloader_common.o)
 .debug_abbrev  0x0000000000000aa9      0x173 /Users/phoenix/esp/ESP8266_RTOS_SDK/examples/get-started/project_template/build/bootloader/bootloader_support/libbootloader_support.a(bootloader_flash.o)
 .debug_abbrev  0x0000000000000c1c      0x306 /Users/phoenix/esp/ESP8266_RTOS_SDK/examples/get-started/project_template/build/bootloader/spi_flash/libspi_flash.a(spi_flash.o)
 .debug_abbrev  0x0000000000000f22      0x176 /Users/phoenix/esp/ESP8266_RTOS_SDK/examples/get-started/project_template/build/bootloader/spi_flash/libspi_flash.a(spi_flash_raw.o)
 .debug_abbrev  0x0000000000001098      0x17a /Users/phoenix/esp/ESP8266_RTOS_SDK/examples/get-started/project_template/build/bootloader/log/liblog.a(log.o)
 .debug_abbrev  0x0000000000001212      0x159 /Users/phoenix/esp/ESP8266_RTOS_SDK/examples/get-started/project_template/build/bootloader/esp8266/libesp8266.a(ets_printf.o)
 .debug_abbrev  0x000000000000136b       0xaf /Users/phoenix/esp/ESP8266_RTOS_SDK/examples/get-started/project_template/build/bootloader/util/libutil.a(crc.o)

.debug_loc      0x0000000000000000     0x3134
 .debug_loc     0x0000000000000000       0x76 /Users/phoenix/esp/ESP8266_RTOS_SDK/examples/get-started/project_template/build/bootloader/main/libmain.a(bootloader_start.o)
 .debug_loc     0x0000000000000076       0xf6 /Users/phoenix/esp/ESP8266_RTOS_SDK/examples/get-started/project_template/build/bootloader/bootloader_support/libbootloader_support.a(bootloader_init.o)
 .debug_loc     0x000000000000016c      0x5c4 /Users/phoenix/esp/ESP8266_RTOS_SDK/examples/get-started/project_template/build/bootloader/bootloader_support/libbootloader_support.a(bootloader_utility.o)
 .debug_loc     0x0000000000000730      0x991 /Users/phoenix/esp/ESP8266_RTOS_SDK/examples/get-started/project_template/build/bootloader/bootloader_support/libbootloader_support.a(esp_image_format.o)
 .debug_loc     0x00000000000010c1      0x108 /Users/phoenix/esp/ESP8266_RTOS_SDK/examples/get-started/project_template/build/bootloader/bootloader_support/libbootloader_support.a(flash_partitions.o)
 .debug_loc     0x00000000000011c9      0x2e6 /Users/phoenix/esp/ESP8266_RTOS_SDK/examples/get-started/project_template/build/bootloader/bootloader_support/libbootloader_support.a(bootloader_common.o)
 .debug_loc     0x00000000000014af      0x33b /Users/phoenix/esp/ESP8266_RTOS_SDK/examples/get-started/project_template/build/bootloader/bootloader_support/libbootloader_support.a(bootloader_flash.o)
 .debug_loc     0x00000000000017ea     0x10af /Users/phoenix/esp/ESP8266_RTOS_SDK/examples/get-started/project_template/build/bootloader/spi_flash/libspi_flash.a(spi_flash.o)
 .debug_loc     0x0000000000002899      0x5a0 /Users/phoenix/esp/ESP8266_RTOS_SDK/examples/get-started/project_template/build/bootloader/spi_flash/libspi_flash.a(spi_flash_raw.o)
 .debug_loc     0x0000000000002e39       0xce /Users/phoenix/esp/ESP8266_RTOS_SDK/examples/get-started/project_template/build/bootloader/log/liblog.a(log.o)
 .debug_loc     0x0000000000002f07       0x9b /Users/phoenix/esp/ESP8266_RTOS_SDK/examples/get-started/project_template/build/bootloader/esp8266/libesp8266.a(ets_printf.o)
 .debug_loc     0x0000000000002fa2      0x192 /Users/phoenix/esp/ESP8266_RTOS_SDK/examples/get-started/project_template/build/bootloader/util/libutil.a(crc.o)

.debug_aranges  0x0000000000000000      0x3a0
 .debug_aranges
                0x0000000000000000       0x30 /Users/phoenix/esp/ESP8266_RTOS_SDK/examples/get-started/project_template/build/bootloader/main/libmain.a(bootloader_start.o)
 .debug_aranges
                0x0000000000000030       0x40 /Users/phoenix/esp/ESP8266_RTOS_SDK/examples/get-started/project_template/build/bootloader/bootloader_support/libbootloader_support.a(bootloader_init.o)
 .debug_aranges
                0x0000000000000070       0x50 /Users/phoenix/esp/ESP8266_RTOS_SDK/examples/get-started/project_template/build/bootloader/bootloader_support/libbootloader_support.a(bootloader_utility.o)
 .debug_aranges
                0x00000000000000c0       0x60 /Users/phoenix/esp/ESP8266_RTOS_SDK/examples/get-started/project_template/build/bootloader/bootloader_support/libbootloader_support.a(esp_image_format.o)
 .debug_aranges
                0x0000000000000120       0x20 /Users/phoenix/esp/ESP8266_RTOS_SDK/examples/get-started/project_template/build/bootloader/bootloader_support/libbootloader_support.a(flash_partitions.o)
 .debug_aranges
                0x0000000000000140       0x30 /Users/phoenix/esp/ESP8266_RTOS_SDK/examples/get-started/project_template/build/bootloader/bootloader_support/libbootloader_support.a(bootloader_common.o)
 .debug_aranges
                0x0000000000000170       0x48 /Users/phoenix/esp/ESP8266_RTOS_SDK/examples/get-started/project_template/build/bootloader/bootloader_support/libbootloader_support.a(bootloader_flash.o)
 .debug_aranges
                0x00000000000001b8       0xe8 /Users/phoenix/esp/ESP8266_RTOS_SDK/examples/get-started/project_template/build/bootloader/spi_flash/libspi_flash.a(spi_flash.o)
 .debug_aranges
                0x00000000000002a0       0x70 /Users/phoenix/esp/ESP8266_RTOS_SDK/examples/get-started/project_template/build/bootloader/spi_flash/libspi_flash.a(spi_flash_raw.o)
 .debug_aranges
                0x0000000000000310       0x28 /Users/phoenix/esp/ESP8266_RTOS_SDK/examples/get-started/project_template/build/bootloader/log/liblog.a(log.o)
 .debug_aranges
                0x0000000000000338       0x38 /Users/phoenix/esp/ESP8266_RTOS_SDK/examples/get-started/project_template/build/bootloader/esp8266/libesp8266.a(ets_printf.o)
 .debug_aranges
                0x0000000000000370       0x30 /Users/phoenix/esp/ESP8266_RTOS_SDK/examples/get-started/project_template/build/bootloader/util/libutil.a(crc.o)

.debug_ranges   0x0000000000000000      0x3f8
 .debug_ranges  0x0000000000000000       0x20 /Users/phoenix/esp/ESP8266_RTOS_SDK/examples/get-started/project_template/build/bootloader/main/libmain.a(bootloader_start.o)
 .debug_ranges  0x0000000000000020       0x30 /Users/phoenix/esp/ESP8266_RTOS_SDK/examples/get-started/project_template/build/bootloader/bootloader_support/libbootloader_support.a(bootloader_init.o)
 .debug_ranges  0x0000000000000050       0x40 /Users/phoenix/esp/ESP8266_RTOS_SDK/examples/get-started/project_template/build/bootloader/bootloader_support/libbootloader_support.a(bootloader_utility.o)
 .debug_ranges  0x0000000000000090       0x80 /Users/phoenix/esp/ESP8266_RTOS_SDK/examples/get-started/project_template/build/bootloader/bootloader_support/libbootloader_support.a(esp_image_format.o)
 .debug_ranges  0x0000000000000110       0x40 /Users/phoenix/esp/ESP8266_RTOS_SDK/examples/get-started/project_template/build/bootloader/bootloader_support/libbootloader_support.a(flash_partitions.o)
 .debug_ranges  0x0000000000000150       0x20 /Users/phoenix/esp/ESP8266_RTOS_SDK/examples/get-started/project_template/build/bootloader/bootloader_support/libbootloader_support.a(bootloader_common.o)
 .debug_ranges  0x0000000000000170       0x38 /Users/phoenix/esp/ESP8266_RTOS_SDK/examples/get-started/project_template/build/bootloader/bootloader_support/libbootloader_support.a(bootloader_flash.o)
 .debug_ranges  0x00000000000001a8      0x190 /Users/phoenix/esp/ESP8266_RTOS_SDK/examples/get-started/project_template/build/bootloader/spi_flash/libspi_flash.a(spi_flash.o)
 .debug_ranges  0x0000000000000338       0x60 /Users/phoenix/esp/ESP8266_RTOS_SDK/examples/get-started/project_template/build/bootloader/spi_flash/libspi_flash.a(spi_flash_raw.o)
 .debug_ranges  0x0000000000000398       0x18 /Users/phoenix/esp/ESP8266_RTOS_SDK/examples/get-started/project_template/build/bootloader/log/liblog.a(log.o)
 .debug_ranges  0x00000000000003b0       0x28 /Users/phoenix/esp/ESP8266_RTOS_SDK/examples/get-started/project_template/build/bootloader/esp8266/libesp8266.a(ets_printf.o)
 .debug_ranges  0x00000000000003d8       0x20 /Users/phoenix/esp/ESP8266_RTOS_SDK/examples/get-started/project_template/build/bootloader/util/libutil.a(crc.o)

.debug_line     0x0000000000000000     0x3cc1
 .debug_line    0x0000000000000000      0x3a0 /Users/phoenix/esp/ESP8266_RTOS_SDK/examples/get-started/project_template/build/bootloader/main/libmain.a(bootloader_start.o)
 .debug_line    0x00000000000003a0      0x484 /Users/phoenix/esp/ESP8266_RTOS_SDK/examples/get-started/project_template/build/bootloader/bootloader_support/libbootloader_support.a(bootloader_init.o)
 .debug_line    0x0000000000000824      0x83d /Users/phoenix/esp/ESP8266_RTOS_SDK/examples/get-started/project_template/build/bootloader/bootloader_support/libbootloader_support.a(bootloader_utility.o)
 .debug_line    0x0000000000001061      0x785 /Users/phoenix/esp/ESP8266_RTOS_SDK/examples/get-started/project_template/build/bootloader/bootloader_support/libbootloader_support.a(esp_image_format.o)
 .debug_line    0x00000000000017e6      0x33f /Users/phoenix/esp/ESP8266_RTOS_SDK/examples/get-started/project_template/build/bootloader/bootloader_support/libbootloader_support.a(flash_partitions.o)
 .debug_line    0x0000000000001b25      0x36d /Users/phoenix/esp/ESP8266_RTOS_SDK/examples/get-started/project_template/build/bootloader/bootloader_support/libbootloader_support.a(bootloader_common.o)
 .debug_line    0x0000000000001e92      0x3aa /Users/phoenix/esp/ESP8266_RTOS_SDK/examples/get-started/project_template/build/bootloader/bootloader_support/libbootloader_support.a(bootloader_flash.o)
 .debug_line    0x000000000000223c      0xcdd /Users/phoenix/esp/ESP8266_RTOS_SDK/examples/get-started/project_template/build/bootloader/spi_flash/libspi_flash.a(spi_flash.o)
 .debug_line    0x0000000000002f19      0x64a /Users/phoenix/esp/ESP8266_RTOS_SDK/examples/get-started/project_template/build/bootloader/spi_flash/libspi_flash.a(spi_flash_raw.o)
 .debug_line    0x0000000000003563      0x33b /Users/phoenix/esp/ESP8266_RTOS_SDK/examples/get-started/project_template/build/bootloader/log/liblog.a(log.o)
 .debug_line    0x000000000000389e      0x25c /Users/phoenix/esp/ESP8266_RTOS_SDK/examples/get-started/project_template/build/bootloader/esp8266/libesp8266.a(ets_printf.o)
 .debug_line    0x0000000000003afa      0x1c7 /Users/phoenix/esp/ESP8266_RTOS_SDK/examples/get-started/project_template/build/bootloader/util/libutil.a(crc.o)

.debug_str      0x0000000000000000     0x184a
 .debug_str     0x0000000000000000      0x484 /Users/phoenix/esp/ESP8266_RTOS_SDK/examples/get-started/project_template/build/bootloader/main/libmain.a(bootloader_start.o)
                                        0x50d (size before relaxing)
 .debug_str     0x0000000000000484      0x32a /Users/phoenix/esp/ESP8266_RTOS_SDK/examples/get-started/project_template/build/bootloader/bootloader_support/libbootloader_support.a(bootloader_init.o)
                                        0x5c5 (size before relaxing)
 .debug_str     0x00000000000007ae      0x271 /Users/phoenix/esp/ESP8266_RTOS_SDK/examples/get-started/project_template/build/bootloader/bootloader_support/libbootloader_support.a(bootloader_utility.o)
                                        0x737 (size before relaxing)
 .debug_str     0x0000000000000a1f      0x1cf /Users/phoenix/esp/ESP8266_RTOS_SDK/examples/get-started/project_template/build/bootloader/bootloader_support/libbootloader_support.a(esp_image_format.o)
                                        0x7a6 (size before relaxing)
 .debug_str     0x0000000000000bee       0xe2 /Users/phoenix/esp/ESP8266_RTOS_SDK/examples/get-started/project_template/build/bootloader/bootloader_support/libbootloader_support.a(flash_partitions.o)
                                        0x3de (size before relaxing)
 .debug_str     0x0000000000000cd0      0x16a /Users/phoenix/esp/ESP8266_RTOS_SDK/examples/get-started/project_template/build/bootloader/bootloader_support/libbootloader_support.a(bootloader_common.o)
                                        0x3b0 (size before relaxing)
 .debug_str     0x0000000000000e3a      0x10d /Users/phoenix/esp/ESP8266_RTOS_SDK/examples/get-started/project_template/build/bootloader/bootloader_support/libbootloader_support.a(bootloader_flash.o)
                                        0x3ba (size before relaxing)
 .debug_str     0x0000000000000f47      0x55c /Users/phoenix/esp/ESP8266_RTOS_SDK/examples/get-started/project_template/build/bootloader/spi_flash/libspi_flash.a(spi_flash.o)
                                        0x948 (size before relaxing)
 .debug_str     0x00000000000014a3      0x12b /Users/phoenix/esp/ESP8266_RTOS_SDK/examples/get-started/project_template/build/bootloader/spi_flash/libspi_flash.a(spi_flash_raw.o)
                                        0x4f1 (size before relaxing)
 .debug_str     0x00000000000015ce      0x127 /Users/phoenix/esp/ESP8266_RTOS_SDK/examples/get-started/project_template/build/bootloader/log/liblog.a(log.o)
                                        0x2e2 (size before relaxing)
 .debug_str     0x00000000000016f5       0xd9 /Users/phoenix/esp/ESP8266_RTOS_SDK/examples/get-started/project_template/build/bootloader/esp8266/libesp8266.a(ets_printf.o)
                                        0x245 (size before relaxing)
 .debug_str     0x00000000000017ce       0x7c /Users/phoenix/esp/ESP8266_RTOS_SDK/examples/get-started/project_template/build/bootloader/util/libutil.a(crc.o)
                                        0x1a0 (size before relaxing)

.comment        0x0000000000000000       0x74
 .comment       0x0000000000000000       0x3a /Users/phoenix/esp/ESP8266_RTOS_SDK/examples/get-started/project_template/build/bootloader/main/libmain.a(bootloader_start.o)
                                         0x3b (size before relaxing)
 .comment       0x000000000000003a       0x3b /Users/phoenix/esp/ESP8266_RTOS_SDK/examples/get-started/project_template/build/bootloader/bootloader_support/libbootloader_support.a(bootloader_init.o)
 .comment       0x000000000000003a       0x3b /Users/phoenix/esp/ESP8266_RTOS_SDK/examples/get-started/project_template/build/bootloader/bootloader_support/libbootloader_support.a(bootloader_utility.o)
 .comment       0x000000000000003a       0x3b /Users/phoenix/esp/ESP8266_RTOS_SDK/examples/get-started/project_template/build/bootloader/bootloader_support/libbootloader_support.a(esp_image_format.o)
 .comment       0x000000000000003a       0x3b /Users/phoenix/esp/ESP8266_RTOS_SDK/examples/get-started/project_template/build/bootloader/bootloader_support/libbootloader_support.a(flash_partitions.o)
 .comment       0x000000000000003a       0x3b /Users/phoenix/esp/ESP8266_RTOS_SDK/examples/get-started/project_template/build/bootloader/bootloader_support/libbootloader_support.a(bootloader_common.o)
 .comment       0x000000000000003a       0x3b /Users/phoenix/esp/ESP8266_RTOS_SDK/examples/get-started/project_template/build/bootloader/bootloader_support/libbootloader_support.a(bootloader_flash.o)
 .comment       0x000000000000003a       0x3b /Users/phoenix/esp/ESP8266_RTOS_SDK/examples/get-started/project_template/build/bootloader/spi_flash/libspi_flash.a(spi_flash.o)
 .comment       0x000000000000003a       0x3b /Users/phoenix/esp/ESP8266_RTOS_SDK/examples/get-started/project_template/build/bootloader/spi_flash/libspi_flash.a(spi_flash_raw.o)
 .comment       0x000000000000003a       0x3b /Users/phoenix/esp/ESP8266_RTOS_SDK/examples/get-started/project_template/build/bootloader/log/liblog.a(log.o)
 .comment       0x000000000000003a       0x3b /Users/phoenix/esp/ESP8266_RTOS_SDK/examples/get-started/project_template/build/bootloader/esp8266/libesp8266.a(ets_printf.o)
 .comment       0x000000000000003a       0x3b /Users/phoenix/esp/ESP8266_RTOS_SDK/examples/get-started/project_template/build/bootloader/util/libutil.a(crc.o)
 .comment       0x000000000000003a       0x3a /Users/phoenix/esp/ESP8266_RTOS_SDK/components/esp8266/lib/libcore.a(phy.o)
                                         0x3b (size before relaxing)
 .comment       0x0000000000000074       0x3b /Users/phoenix/esp/ESP8266_RTOS_SDK/components/esp8266/lib/libcore.a(uart.o)

.xtensa.info    0x0000000000000000       0x38
 .xtensa.info   0x0000000000000000       0x38 /Users/phoenix/esp/ESP8266_RTOS_SDK/examples/get-started/project_template/build/bootloader/main/libmain.a(bootloader_start.o)
 .xtensa.info   0x0000000000000038        0x0 /Users/phoenix/esp/ESP8266_RTOS_SDK/examples/get-started/project_template/build/bootloader/bootloader_support/libbootloader_support.a(bootloader_init.o)
 .xtensa.info   0x0000000000000038        0x0 /Users/phoenix/esp/ESP8266_RTOS_SDK/examples/get-started/project_template/build/bootloader/bootloader_support/libbootloader_support.a(bootloader_utility.o)
 .xtensa.info   0x0000000000000038        0x0 /Users/phoenix/esp/ESP8266_RTOS_SDK/examples/get-started/project_template/build/bootloader/bootloader_support/libbootloader_support.a(esp_image_format.o)
 .xtensa.info   0x0000000000000038        0x0 /Users/phoenix/esp/ESP8266_RTOS_SDK/examples/get-started/project_template/build/bootloader/bootloader_support/libbootloader_support.a(flash_partitions.o)
 .xtensa.info   0x0000000000000038        0x0 /Users/phoenix/esp/ESP8266_RTOS_SDK/examples/get-started/project_template/build/bootloader/bootloader_support/libbootloader_support.a(bootloader_common.o)
 .xtensa.info   0x0000000000000038        0x0 /Users/phoenix/esp/ESP8266_RTOS_SDK/examples/get-started/project_template/build/bootloader/bootloader_support/libbootloader_support.a(bootloader_flash.o)
 .xtensa.info   0x0000000000000038        0x0 /Users/phoenix/esp/ESP8266_RTOS_SDK/examples/get-started/project_template/build/bootloader/spi_flash/libspi_flash.a(spi_flash.o)
 .xtensa.info   0x0000000000000038        0x0 /Users/phoenix/esp/ESP8266_RTOS_SDK/examples/get-started/project_template/build/bootloader/spi_flash/libspi_flash.a(spi_flash_raw.o)
 .xtensa.info   0x0000000000000038        0x0 /Users/phoenix/esp/ESP8266_RTOS_SDK/examples/get-started/project_template/build/bootloader/log/liblog.a(log.o)
 .xtensa.info   0x0000000000000038        0x0 /Users/phoenix/esp/ESP8266_RTOS_SDK/examples/get-started/project_template/build/bootloader/esp8266/libesp8266.a(ets_printf.o)
 .xtensa.info   0x0000000000000038        0x0 /Users/phoenix/esp/ESP8266_RTOS_SDK/examples/get-started/project_template/build/bootloader/util/libutil.a(crc.o)
 .xtensa.info   0x0000000000000038        0x0 /Users/phoenix/esp/ESP8266_RTOS_SDK/components/esp8266/lib/libcore.a(phy.o)
 .xtensa.info   0x0000000000000038        0x0 /Users/phoenix/esp/ESP8266_RTOS_SDK/components/esp8266/lib/libcore.a(uart.o)
